<?php return ['en' => '<option value="">Select Country</option>
<option value="">-A---------------------------</option>
<option value="AF">AF-Afghanistan</option>
<option value="AL">AL-Albania</option>
<option value="DZ">DZ-Algeria</option>
<option value="AD">AD-Andorra</option>
<option value="AO">AO-Angola</option>
<option value="AG">AG-Antigua and Barbuda</option>
<option value="AR">AR-Argentina</option>
<option value="AM">AM-Armenia</option>
<option value="AU">AU-Australia</option>
<option value="AT">AT-Austria</option>
<option value="AZ">AZ-Azerbaijan</option>
<option value="">-B---------------------------</option>
<option value="BS">BS-Bahamas</option>
<option value="BH">BH-Bahrain</option>
<option value="BD">BD-Bangladesh</option>
<option value="BB">BB-Barbados</option>
<option value="BY">BY-Belarus</option>
<option value="BE">BE-Belgium</option>
<option value="BZ">BZ-Belize</option>
<option value="BJ">BJ-Benin</option>
<option value="BT">BT-Bhutan</option>
<option value="BO">BO-Bolivia</option>
<option value="BA">BA-Bosnia and Herzegovina</option>
<option value="BW">BW-Botswana</option>
<option value="BR">BR-Brazil</option>
<option value="BN">BN-Brunei Darussalam</option>
<option value="BG">BG-Bulgaria</option>
<option value="BF">BF-Burkina Faso</option>
<option value="BI">BI-Burundi</option>
<option value="">-C---------------------------</option>
<option value="KH">KH-Cambodia</option>
<option value="CM">CM-Cameroon</option>
<option value="CA">CA-Canada</option>
<option value="CV">CV-Cape Verde</option>
<option value="CF">CF-Central African Republic</option>
<option value="TD">TD-Chad</option>
<option value="CL">CL-Chile</option>
<option value="CN">CN-China</option>
<option value="CO">CO-Colombia</option>
<option value="KM">KM-Comoros</option>
<option value="CG">CG-Congo</option>
<option value="CR">CR-Costa Rica</option>
<option value="CI">CI-Cote dIvoire</option>
<option value="HR">HR-Croatia</option>
<option value="CU">CU-Cuba</option>
<option value="CY">CY-Cyprus</option>
<option value="CZ">CZ-Czech Republic</option>
<option value="">-D---------------------------</option>
<option value="CD">CD-Democratic Republic of the Congo</option>
<option value="DK">DK-Denmark</option>
<option value="DJ">DJ-Djibouti</option>
<option value="DM">DM-Dominica</option>
<option value="DO">DO-Dominican Republic</option>
<option value="">-E---------------------------</option>
<option value="EC">EC-Ecuador</option>
<option value="EG">EG-Egypt</option>
<option value="SV">SV-El Salvador</option>
<option value="GQ">GQ-Equatorial Guinea</option>
<option value="ER">ER-Eritrea</option>
<option value="EE">EE-Estonia</option>
<option value="SZ">SZ-Eswatini</option>
<option value="ET">ET-Ethiopia</option>
<option value="">-F---------------------------</option>
<option value="FJ">FJ-Fiji</option>
<option value="FI">FI-Finland</option>
<option value="FR">FR-France</option>
<option value="GF">GF-French Guiana</option>
<option value="">-G---------------------------</option>
<option value="GA">GA-Gabon</option>
<option value="GM">GM-Gambia</option>
<option value="GE">GE-Georgia</option>
<option value="DE">DE-Germany</option>
<option value="GH">GH-Ghana</option>
<option value="GR">GR-Greece</option>
<option value="GD">GD-Grenada</option>
<option value="GT">GT-Guatemala</option>
<option value="GN">GN-Guinea</option>
<option value="GW">GW-Guinea-Bissau</option>
<option value="GY">GY-Guyana</option>
<option value="">-H---------------------------</option>
<option value="HT">HT-Haiti</option>
<option value="HN">HN-Honduras</option>
<option value="HU">HU-Hungary</option>
<option value="HK">HK-Hong Kong SAR, China</option>
<option value="">-I---------------------------</option>
<option value="IS">IS-Iceland</option>
<option value="IN">IN-India</option>
<option value="ID">ID-Indonesia</option>
<option value="IR">IR-Iran</option>
<option value="IQ">IQ-Iraq</option>
<option value="IE">IE-Ireland</option>
<option value="IL">IL-Israel</option>
<option value="IT">IT-Italy</option>
<option value="">-J---------------------------</option>
<option value="JM">JM-Jamaica</option>
<option value="JP">JP-Japan</option>
<option value="JO">JO-Jordan</option>
<option value="">-K---------------------------</option>
<option value="KZ">KZ-Kazakhstan</option>
<option value="KE">KE-Kenya</option>
<option value="KI">KI-Kiribati</option>
<option value="KW">KW-Kuwait</option>
<option value="KG">KG-Kyrgyzstan</option>
<option value="">-L---------------------------</option>
<option value="LA">LA-Laos</option>
<option value="LV">LV-Latvia</option>
<option value="LB">LB-Lebanon</option>
<option value="LS">LS-Lesotho</option>
<option value="LR">LR-Liberia</option>
<option value="LY">LY-Libya</option>
<option value="LI">LI-Liechtenstein</option>
<option value="LT">LT-Lithuania</option>
<option value="LU">LU-Luxembourg</option>
<option value="">-M---------------------------</option>
<option value="MM">MM-Myanmar</option>
<option value="MG">MG-Madagascar</option>
<option value="MW">MW-Malawi</option>
<option value="MY">MY-Malaysia</option>
<option value="MV">MV-Maldives</option>
<option value="ML">ML-Mali</option>
<option value="MT">MT-Malta</option>
<option value="MR">MR-Mauritania</option>
<option value="MU">MU-Mauritius</option>
<option value="MX">MX-Mexico</option>
<option value="FM">FM-Micronesia</option>
<option value="MD">MD-Moldova</option>
<option value="MC">MC-Monaco</option>
<option value="MN">MN-Mongolia</option>
<option value="ME">ME-Montenegro</option>
<option value="MA">MA-Morocco</option>
<option value="MZ">MZ-Mozambique</option>
<option value="MO">MO-Macao SAR, China</option>
<option value="MQ">MQ-Martinique</option>
<option value="">-N---------------------------</option>
<option value="NA">NA-Namibia</option>
<option value="NR">NR-Nauru</option>
<option value="NP">NP-Nepal</option>
<option value="NL">NL-Netherlands</option>
<option value="NZ">NZ-New Zealand</option>
<option value="NI">NI-Nicaragua</option>
<option value="NE">NE-Niger</option>
<option value="NG">NG-Nigeria</option>
<option value="MK">MK-North Macedonia</option>
<option value="NO">NO-Norway</option>
<option value="">-O---------------------------</option>
<option value="OM">OM-Oman</option>
<option value="">-P---------------------------</option>
<option value="PK">PK-Pakistan</option>
<option value="PW">PW-Palau</option>
<option value="PA">PA-Panama</option>
<option value="PG">PG-Papua New Guinea</option>
<option value="PY">PY-Paraguay</option>
<option value="PE">PE-Peru</option>
<option value="PH">PH-Philippines</option>
<option value="PL">PL-Poland</option>
<option value="PT">PT-Portugal</option>
<option value="">-Q---------------------------</option>
<option value="QA">QA-Qatar</option>
<option value="">-R---------------------------</option>
<option value="RO">RO-Romania</option>
<option value="RU">RU-Russia</option>
<option value="RW">RW-Rwanda</option>
<option value="KR">KR-Republic of Korea</option>
<option value="">-S---------------------------</option>
<option value="KN">KN-Saint Kitts and Nevis</option>
<option value="LC">LC-Saint Lucia</option>
<option value="VC">VC-Saint Vincent and the Grenadines</option>
<option value="WS">WS-Samoa</option>
<option value="SM">SM-San Marino</option>
<option value="ST">ST-Sao Tome and Principe</option>
<option value="SA">SA-Saudi Arabia</option>
<option value="SN">SN-Senegal</option>
<option value="RS">RS-Serbia</option>
<option value="SC">SC-Seychelles</option>
<option value="SL">SL-Sierra Leone</option>
<option value="SG">SG-Singapore</option>
<option value="SK">SK-Slovakia</option>
<option value="SI">SI-Slovenia</option>
<option value="SB">SB-Solomon Islands</option>
<option value="SO">SO-Somalia</option>
<option value="ZA">ZA-South Africa</option>
<option value="SS">SS-South Sudan</option>
<option value="ES">ES-Spain</option>
<option value="LK">LK-Sri Lanka</option>
<option value="SD">SD-Sudan</option>
<option value="SR">SR-Suriname</option>
<option value="SE">SE-Sweden</option>
<option value="CH">CH-Switzerland</option>
<option value="SY">SY-Syria</option>
<option value="">-T---------------------------</option>
<option value="TJ">TJ-Tajikistan</option>
<option value="TZ">TZ-Tanzania</option>
<option value="TH">TH-Thailand</option>
<option value="TL">TL-Timor-Leste</option>
<option value="TG">TG-Togo</option>
<option value="TO">TO-Tonga</option>
<option value="TT">TT-Trinidad and Tobago</option>
<option value="TN">TN-Tunisia</option>
<option value="TR">TR-Turkey</option>
<option value="TM">TM-Turkmenistan</option>
<option value="TW">TW-Taiwan, China</option>
<option value="">-U---------------------------</option>
<option value="UG">UG-Uganda</option>
<option value="UA">UA-Ukraine</option>
<option value="AE">AE-United Arab Emirates</option>
<option value="GB">GB-United Kingdom</option>
<option value="US">US-United States of America</option>
<option value="UY">UY-Uruguay</option>
<option value="UZ">UZ-Uzbekistan</option>
<option value="">-V---------------------------</option>
<option value="VU">VU-Vanuatu</option>
<option value="VE">VE-Venezuela</option>
<option value="VN">VN-Vietnam</option>
<option value="">-Y---------------------------</option>
<option value="YE">YE-Yemen</option>
<option value="">-Z---------------------------</option>
<option value="ZM">ZM-Zambia</option>
<option value="ZW">ZW-Zimbabwe</option>
', 'cn' => '<option value="">Select Country</option>
<option value="">-A---------------------------</option>
<option value="AF">AF-阿富汗</option>
<option value="AL">AL-阿尔巴尼亚</option>
<option value="DZ">DZ-阿尔及利亚</option>
<option value="AD">AD-安道尔</option>
<option value="AO">AO-安哥拉</option>
<option value="AG">AG-安提瓜和巴布达</option>
<option value="AR">AR-阿根廷</option>
<option value="AM">AM-亚美尼亚</option>
<option value="AU">AU-澳大利亚</option>
<option value="AT">AT-奥地利</option>
<option value="AZ">AZ-阿塞拜疆</option>
<option value="">-B---------------------------</option>
<option value="BS">BS-巴哈马</option>
<option value="BH">BH-巴林</option>
<option value="BD">BD-孟加拉国</option>
<option value="BB">BB-巴巴多斯</option>
<option value="BY">BY-白俄罗斯</option>
<option value="BE">BE-比利时</option>
<option value="BZ">BZ-伯利兹</option>
<option value="BJ">BJ-贝宁</option>
<option value="BT">BT-不丹</option>
<option value="BO">BO-玻利维亚</option>
<option value="BA">BA-波斯尼亚和黑塞哥维那</option>
<option value="BW">BW-博茨瓦纳</option>
<option value="BR">BR-巴西</option>
<option value="BN">BN-文莱</option>
<option value="BG">BG-保加利亚</option>
<option value="BF">BF-布基纳法索</option>
<option value="BI">BI-布隆迪</option>
<option value="">-C---------------------------</option>
<option value="KH">KH-柬埔寨</option>
<option value="CM">CM-喀麦隆</option>
<option value="CA">CA-加拿大</option>
<option value="CV">CV-佛得角</option>
<option value="CF">CF-中非共和国</option>
<option value="TD">TD-乍得</option>
<option value="CL">CL-智利</option>
<option value="CN">CN-中国</option>
<option value="CO">CO-哥伦比亚</option>
<option value="KM">KM-科摩罗</option>
<option value="CG">CG-刚果共和国</option>
<option value="CR">CR-哥斯达黎加</option>
<option value="CI">CI-科特迪瓦</option>
<option value="HR">HR-克罗地亚</option>
<option value="CU">CU-古巴</option>
<option value="CY">CY-塞浦路斯</option>
<option value="CZ">CZ-捷克共和国</option>
<option value="">-D---------------------------</option>
<option value="CD">CD-刚果民主共和国</option>
<option value="DK">DK-丹麦</option>
<option value="DJ">DJ-吉布提</option>
<option value="DM">DM-多米尼克</option>
<option value="DO">DO-多米尼加共和国</option>
<option value="">-E---------------------------</option>
<option value="EC">EC-厄瓜多尔</option>
<option value="EG">EG-埃及</option>
<option value="SV">SV-萨尔瓦多</option>
<option value="GQ">GQ-赤道几内亚</option>
<option value="ER">ER-厄立特里亚</option>
<option value="EE">EE-爱沙尼亚</option>
<option value="SZ">SZ-斯威士兰</option>
<option value="ET">ET-埃塞俄比亚</option>
<option value="">-F---------------------------</option>
<option value="FJ">FJ-斐济</option>
<option value="FI">FI-芬兰</option>
<option value="FR">FR-法国</option>
<option value="GF">GF-法属圭亚那</option>
<option value="">-G---------------------------</option>
<option value="GA">GA-加蓬</option>
<option value="GM">GM-冈比亚</option>
<option value="GE">GE-格鲁吉亚</option>
<option value="DE">DE-德国</option>
<option value="GH">GH-加纳</option>
<option value="GR">GR-希腊</option>
<option value="GD">GD-格林纳达</option>
<option value="GT">GT-危地马拉</option>
<option value="GN">GN-几内亚</option>
<option value="GW">GW-几内亚比绍</option>
<option value="GY">GY-圭亚那</option>
<option value="">-H---------------------------</option>
<option value="HT">HT-海地</option>
<option value="HN">HN-洪都拉斯</option>
<option value="HU">HU-匈牙利</option>
<option value="HK">HK-中国香港</option>
<option value="">-I---------------------------</option>
<option value="IS">IS-冰岛</option>
<option value="IN">IN-印度</option>
<option value="ID">ID-印度尼西亚</option>
<option value="IR">IR-伊朗</option>
<option value="IQ">IQ-伊拉克</option>
<option value="IE">IE-爱尔兰</option>
<option value="IL">IL-以色列</option>
<option value="IT">IT-意大利</option>
<option value="">-J---------------------------</option>
<option value="JM">JM-牙买加</option>
<option value="JP">JP-日本</option>
<option value="JO">JO-约旦</option>
<option value="">-K---------------------------</option>
<option value="KZ">KZ-哈萨克斯坦</option>
<option value="KE">KE-肯尼亚</option>
<option value="KI">KI-基里巴斯</option>
<option value="KW">KW-科威特</option>
<option value="KG">KG-吉尔吉斯斯坦</option>
<option value="">-L---------------------------</option>
<option value="LA">LA-老挝</option>
<option value="LV">LV-拉脱维亚</option>
<option value="LB">LB-黎巴嫩</option>
<option value="LS">LS-莱索托</option>
<option value="LR">LR-利比里亚</option>
<option value="LY">LY-利比亚</option>
<option value="LI">LI-列支敦士登</option>
<option value="LT">LT-立陶宛</option>
<option value="LU">LU-卢森堡</option>
<option value="">-M---------------------------</option>
<option value="MM">MM-缅甸</option>
<option value="MG">MG-马达加斯加</option>
<option value="MW">MW-马拉维</option>
<option value="MY">MY-马来西亚</option>
<option value="MV">MV-马尔代夫</option>
<option value="ML">ML-马里</option>
<option value="MT">MT-马耳他</option>
<option value="MR">MR-毛里塔尼亚</option>
<option value="MU">MU-毛里求斯</option>
<option value="MX">MX-墨西哥</option>
<option value="FM">FM-密克罗尼西亚</option>
<option value="MD">MD-摩尔多瓦</option>
<option value="MC">MC-摩纳哥</option>
<option value="MN">MN-蒙古</option>
<option value="ME">ME-黑山</option>
<option value="MA">MA-摩洛哥</option>
<option value="MZ">MZ-莫桑比克</option>
<option value="MO">MO-中国澳门</option>
<option value="MQ">MQ-法属马提尼克</option>
<option value="">-N---------------------------</option>
<option value="NA">NA-纳米比亚</option>
<option value="NR">NR-瑙鲁</option>
<option value="NP">NP-尼泊尔</option>
<option value="NL">NL-荷兰</option>
<option value="NZ">NZ-新西兰</option>
<option value="NI">NI-尼加拉瓜</option>
<option value="NE">NE-尼日尔</option>
<option value="NG">NG-尼日利亚</option>
<option value="MK">MK-北马其顿</option>
<option value="NO">NO-挪威</option>
<option value="">-O---------------------------</option>
<option value="OM">OM-阿曼</option>
<option value="">-P---------------------------</option>
<option value="PK">PK-巴基斯坦</option>
<option value="PW">PW-帕劳</option>
<option value="PA">PA-巴拿马</option>
<option value="PG">PG-巴布亚新几内亚</option>
<option value="PY">PY-巴拉圭</option>
<option value="PE">PE-秘鲁</option>
<option value="PH">PH-菲律宾</option>
<option value="PL">PL-波兰</option>
<option value="PT">PT-葡萄牙</option>
<option value="">-Q---------------------------</option>
<option value="QA">QA-卡塔尔</option>
<option value="">-R---------------------------</option>
<option value="RO">RO-罗马尼亚</option>
<option value="RU">RU-俄罗斯</option>
<option value="RW">RW-卢旺达</option>
<option value="KR">KR-韩国</option>
<option value="">-S---------------------------</option>
<option value="KN">KN-圣基茨和尼维斯</option>
<option value="LC">LC-圣卢西亚</option>
<option value="VC">VC-圣文森特和格林纳丁斯</option>
<option value="WS">WS-萨摩亚</option>
<option value="SM">SM-圣马力诺</option>
<option value="ST">ST-圣多美和普林西比</option>
<option value="SA">SA-沙特阿拉伯</option>
<option value="SN">SN-塞内加尔</option>
<option value="RS">RS-塞尔维亚</option>
<option value="SC">SC-塞舌尔</option>
<option value="SL">SL-塞拉利昂</option>
<option value="SG">SG-新加坡</option>
<option value="SK">SK-斯洛伐克</option>
<option value="SI">SI-斯洛文尼亚</option>
<option value="SB">SB-所罗门群岛</option>
<option value="SO">SO-索马里</option>
<option value="ZA">ZA-南非</option>
<option value="SS">SS-南苏丹</option>
<option value="ES">ES-西班牙</option>
<option value="LK">LK-斯里兰卡</option>
<option value="SD">SD-苏丹</option>
<option value="SR">SR-苏里南</option>
<option value="SE">SE-瑞典</option>
<option value="CH">CH-瑞士</option>
<option value="SY">SY-叙利亚</option>
<option value="">-T---------------------------</option>
<option value="TJ">TJ-塔吉克斯坦</option>
<option value="TZ">TZ-坦桑尼亚</option>
<option value="TH">TH-泰国</option>
<option value="TL">TL-东帝汶</option>
<option value="TG">TG-多哥</option>
<option value="TO">TO-汤加</option>
<option value="TT">TT-特立尼达和多巴哥</option>
<option value="TN">TN-突尼斯</option>
<option value="TR">TR-土耳其</option>
<option value="TM">TM-土库曼斯坦</option>
<option value="TW">TW-中国台湾</option>
<option value="">-U---------------------------</option>
<option value="UG">UG-乌干达</option>
<option value="UA">UA-乌克兰</option>
<option value="AE">AE-阿拉伯联合酋长国</option>
<option value="GB">GB-英国</option>
<option value="US">US-美国</option>
<option value="UY">UY-乌拉圭</option>
<option value="UZ">UZ-乌兹别克斯坦</option>
<option value="">-V---------------------------</option>
<option value="VU">VU-瓦努阿图</option>
<option value="VE">VE-委内瑞拉</option>
<option value="VN">VN-越南</option>
<option value="">-Y---------------------------</option>
<option value="YE">YE-也门</option>
<option value="">-Z---------------------------</option>
<option value="ZM">ZM-赞比亚</option>
<option value="ZW">ZW-津巴布韦</option>
'];
